<?xml version="1.0" encoding="ISO-8859-1" ?>
<link_info>
   <banner>MSP430 Linker PC v21.6.1.LTS</banner>
   <copyright>Copyright (c) 2003-2018 Texas Instruments Incorporated</copyright>
   <link_time>0x65d2051d</link_time>
   <link_errors>0x0</link_errors>
   <output_file>GSM_PARSER_FINAL.out</output_file>
   <entry_point>
      <name>_c_int00_noargs</name>
      <address>0xcdf0</address>
   </entry_point>
   <input_file_list>
      <input_file id="fl-2">
         <path>.\</path>
         <kind>object</kind>
         <file>CIRCULAR_BUFF.obj</file>
         <name>CIRCULAR_BUFF.obj</name>
      </input_file>
      <input_file id="fl-3">
         <path>.\</path>
         <kind>object</kind>
         <file>CLOCK_CONF.obj</file>
         <name>CLOCK_CONF.obj</name>
      </input_file>
      <input_file id="fl-4">
         <path>.\</path>
         <kind>object</kind>
         <file>DELAY.obj</file>
         <name>DELAY.obj</name>
      </input_file>
      <input_file id="fl-5">
         <path>.\</path>
         <kind>object</kind>
         <file>FSM.obj</file>
         <name>FSM.obj</name>
      </input_file>
      <input_file id="fl-6">
         <path>.\</path>
         <kind>object</kind>
         <file>GSM_ON.obj</file>
         <name>GSM_ON.obj</name>
      </input_file>
      <input_file id="fl-7">
         <path>.\</path>
         <kind>object</kind>
         <file>PARSING.obj</file>
         <name>PARSING.obj</name>
      </input_file>
      <input_file id="fl-8">
         <path>.\</path>
         <kind>object</kind>
         <file>UART.obj</file>
         <name>UART.obj</name>
      </input_file>
      <input_file id="fl-9">
         <path>.\</path>
         <kind>object</kind>
         <file>main.obj</file>
         <name>main.obj</name>
      </input_file>
      <input_file id="fl-f">
         <kind>object</kind>
         <file>&lt;internal&gt;</file>
         <name>&lt;internal&gt;</name>
      </input_file>
      <input_file id="fl-2a">
         <path>C:\ti\ccs1260\ccs\tools\compiler\ti-cgt-msp430_21.6.1.LTS\lib\</path>
         <kind>archive</kind>
         <file>rts430x_lc_sd_eabi.lib</file>
         <name>div16u.asm.obj</name>
      </input_file>
      <input_file id="fl-2b">
         <path>C:\ti\ccs1260\ccs\tools\compiler\ti-cgt-msp430_21.6.1.LTS\lib\</path>
         <kind>archive</kind>
         <file>rts430x_lc_sd_eabi.lib</file>
         <name>int40.asm.obj</name>
      </input_file>
      <input_file id="fl-2c">
         <path>C:\ti\ccs1260\ccs\tools\compiler\ti-cgt-msp430_21.6.1.LTS\lib\</path>
         <kind>archive</kind>
         <file>rts430x_lc_sd_eabi.lib</file>
         <name>int41.asm.obj</name>
      </input_file>
      <input_file id="fl-2d">
         <path>C:\ti\ccs1260\ccs\tools\compiler\ti-cgt-msp430_21.6.1.LTS\lib\</path>
         <kind>archive</kind>
         <file>rts430x_lc_sd_eabi.lib</file>
         <name>int42.asm.obj</name>
      </input_file>
      <input_file id="fl-2e">
         <path>C:\ti\ccs1260\ccs\tools\compiler\ti-cgt-msp430_21.6.1.LTS\lib\</path>
         <kind>archive</kind>
         <file>rts430x_lc_sd_eabi.lib</file>
         <name>int43.asm.obj</name>
      </input_file>
      <input_file id="fl-2f">
         <path>C:\ti\ccs1260\ccs\tools\compiler\ti-cgt-msp430_21.6.1.LTS\lib\</path>
         <kind>archive</kind>
         <file>rts430x_lc_sd_eabi.lib</file>
         <name>int44.asm.obj</name>
      </input_file>
      <input_file id="fl-30">
         <path>C:\ti\ccs1260\ccs\tools\compiler\ti-cgt-msp430_21.6.1.LTS\lib\</path>
         <kind>archive</kind>
         <file>rts430x_lc_sd_eabi.lib</file>
         <name>int46.asm.obj</name>
      </input_file>
      <input_file id="fl-31">
         <path>C:\ti\ccs1260\ccs\tools\compiler\ti-cgt-msp430_21.6.1.LTS\lib\</path>
         <kind>archive</kind>
         <file>rts430x_lc_sd_eabi.lib</file>
         <name>int47.asm.obj</name>
      </input_file>
      <input_file id="fl-32">
         <path>C:\ti\ccs1260\ccs\tools\compiler\ti-cgt-msp430_21.6.1.LTS\lib\</path>
         <kind>archive</kind>
         <file>rts430x_lc_sd_eabi.lib</file>
         <name>int48.asm.obj</name>
      </input_file>
      <input_file id="fl-33">
         <path>C:\ti\ccs1260\ccs\tools\compiler\ti-cgt-msp430_21.6.1.LTS\lib\</path>
         <kind>archive</kind>
         <file>rts430x_lc_sd_eabi.lib</file>
         <name>int49.asm.obj</name>
      </input_file>
      <input_file id="fl-34">
         <path>C:\ti\ccs1260\ccs\tools\compiler\ti-cgt-msp430_21.6.1.LTS\lib\</path>
         <kind>archive</kind>
         <file>rts430x_lc_sd_eabi.lib</file>
         <name>int50.asm.obj</name>
      </input_file>
      <input_file id="fl-35">
         <path>C:\ti\ccs1260\ccs\tools\compiler\ti-cgt-msp430_21.6.1.LTS\lib\</path>
         <kind>archive</kind>
         <file>rts430x_lc_sd_eabi.lib</file>
         <name>int51.asm.obj</name>
      </input_file>
      <input_file id="fl-36">
         <path>C:\ti\ccs1260\ccs\tools\compiler\ti-cgt-msp430_21.6.1.LTS\lib\</path>
         <kind>archive</kind>
         <file>rts430x_lc_sd_eabi.lib</file>
         <name>int52.asm.obj</name>
      </input_file>
      <input_file id="fl-37">
         <path>C:\ti\ccs1260\ccs\tools\compiler\ti-cgt-msp430_21.6.1.LTS\lib\</path>
         <kind>archive</kind>
         <file>rts430x_lc_sd_eabi.lib</file>
         <name>int53.asm.obj</name>
      </input_file>
      <input_file id="fl-38">
         <path>C:\ti\ccs1260\ccs\tools\compiler\ti-cgt-msp430_21.6.1.LTS\lib\</path>
         <kind>archive</kind>
         <file>rts430x_lc_sd_eabi.lib</file>
         <name>int54.asm.obj</name>
      </input_file>
      <input_file id="fl-39">
         <path>C:\ti\ccs1260\ccs\tools\compiler\ti-cgt-msp430_21.6.1.LTS\lib\</path>
         <kind>archive</kind>
         <file>rts430x_lc_sd_eabi.lib</file>
         <name>int55.asm.obj</name>
      </input_file>
      <input_file id="fl-3a">
         <path>C:\ti\ccs1260\ccs\tools\compiler\ti-cgt-msp430_21.6.1.LTS\lib\</path>
         <kind>archive</kind>
         <file>rts430x_lc_sd_eabi.lib</file>
         <name>int56.asm.obj</name>
      </input_file>
      <input_file id="fl-3b">
         <path>C:\ti\ccs1260\ccs\tools\compiler\ti-cgt-msp430_21.6.1.LTS\lib\</path>
         <kind>archive</kind>
         <file>rts430x_lc_sd_eabi.lib</file>
         <name>int57.asm.obj</name>
      </input_file>
      <input_file id="fl-3c">
         <path>C:\ti\ccs1260\ccs\tools\compiler\ti-cgt-msp430_21.6.1.LTS\lib\</path>
         <kind>archive</kind>
         <file>rts430x_lc_sd_eabi.lib</file>
         <name>int58.asm.obj</name>
      </input_file>
      <input_file id="fl-3d">
         <path>C:\ti\ccs1260\ccs\tools\compiler\ti-cgt-msp430_21.6.1.LTS\lib\</path>
         <kind>archive</kind>
         <file>rts430x_lc_sd_eabi.lib</file>
         <name>isr_trap.asm.obj</name>
      </input_file>
      <input_file id="fl-3e">
         <path>C:\ti\ccs1260\ccs\tools\compiler\ti-cgt-msp430_21.6.1.LTS\lib\</path>
         <kind>archive</kind>
         <file>rts430x_lc_sd_eabi.lib</file>
         <name>mult16.asm.obj</name>
      </input_file>
      <input_file id="fl-3f">
         <path>C:\ti\ccs1260\ccs\tools\compiler\ti-cgt-msp430_21.6.1.LTS\lib\</path>
         <kind>archive</kind>
         <file>rts430x_lc_sd_eabi.lib</file>
         <name>mult16_f5hw.asm.obj</name>
      </input_file>
      <input_file id="fl-40">
         <path>C:\ti\ccs1260\ccs\tools\compiler\ti-cgt-msp430_21.6.1.LTS\lib\</path>
         <kind>archive</kind>
         <file>rts430x_lc_sd_eabi.lib</file>
         <name>mult1632_f5hw.asm.obj</name>
      </input_file>
      <input_file id="fl-41">
         <path>C:\ti\ccs1260\ccs\tools\compiler\ti-cgt-msp430_21.6.1.LTS\lib\</path>
         <kind>archive</kind>
         <file>rts430x_lc_sd_eabi.lib</file>
         <name>mult32_f5hw.asm.obj</name>
      </input_file>
      <input_file id="fl-42">
         <path>C:\ti\ccs1260\ccs\tools\compiler\ti-cgt-msp430_21.6.1.LTS\lib\</path>
         <kind>archive</kind>
         <file>rts430x_lc_sd_eabi.lib</file>
         <name>mult3264_f5hw.asm.obj</name>
      </input_file>
      <input_file id="fl-43">
         <path>C:\ti\ccs1260\ccs\tools\compiler\ti-cgt-msp430_21.6.1.LTS\lib\</path>
         <kind>archive</kind>
         <file>rts430x_lc_sd_eabi.lib</file>
         <name>mult64_f5hw.asm.obj</name>
      </input_file>
      <input_file id="fl-44">
         <path>C:\ti\ccs1260\ccs\tools\compiler\ti-cgt-msp430_21.6.1.LTS\lib\</path>
         <kind>archive</kind>
         <file>rts430x_lc_sd_eabi.lib</file>
         <name>boot.c.obj</name>
      </input_file>
      <input_file id="fl-45">
         <path>C:\ti\ccs1260\ccs\tools\compiler\ti-cgt-msp430_21.6.1.LTS\lib\</path>
         <kind>archive</kind>
         <file>rts430x_lc_sd_eabi.lib</file>
         <name>autoinit.c.obj</name>
      </input_file>
      <input_file id="fl-46">
         <path>C:\ti\ccs1260\ccs\tools\compiler\ti-cgt-msp430_21.6.1.LTS\lib\</path>
         <kind>archive</kind>
         <file>rts430x_lc_sd_eabi.lib</file>
         <name>copy_zero_init.c.obj</name>
      </input_file>
      <input_file id="fl-47">
         <path>C:\ti\ccs1260\ccs\tools\compiler\ti-cgt-msp430_21.6.1.LTS\lib\</path>
         <kind>archive</kind>
         <file>rts430x_lc_sd_eabi.lib</file>
         <name>cpy_tbl.c.obj</name>
      </input_file>
      <input_file id="fl-48">
         <path>C:\ti\ccs1260\ccs\tools\compiler\ti-cgt-msp430_21.6.1.LTS\lib\</path>
         <kind>archive</kind>
         <file>rts430x_lc_sd_eabi.lib</file>
         <name>mpu_init.c.obj</name>
      </input_file>
      <input_file id="fl-49">
         <path>C:\ti\ccs1260\ccs\tools\compiler\ti-cgt-msp430_21.6.1.LTS\lib\</path>
         <kind>archive</kind>
         <file>rts430x_lc_sd_eabi.lib</file>
         <name>pre_init.c.obj</name>
      </input_file>
      <input_file id="fl-4a">
         <path>C:\ti\ccs1260\ccs\tools\compiler\ti-cgt-msp430_21.6.1.LTS\lib\</path>
         <kind>archive</kind>
         <file>rts430x_lc_sd_eabi.lib</file>
         <name>startup.c.obj</name>
      </input_file>
      <input_file id="fl-4b">
         <path>C:\ti\ccs1260\ccs\tools\compiler\ti-cgt-msp430_21.6.1.LTS\lib\</path>
         <kind>archive</kind>
         <file>rts430x_lc_sd_eabi.lib</file>
         <name>copy_decompress_none.c.obj</name>
      </input_file>
      <input_file id="fl-4c">
         <path>C:\ti\ccs1260\ccs\tools\compiler\ti-cgt-msp430_21.6.1.LTS\lib\</path>
         <kind>archive</kind>
         <file>rts430x_lc_sd_eabi.lib</file>
         <name>copy_decompress_lzss.c.obj</name>
      </input_file>
      <input_file id="fl-4d">
         <path>C:\ti\ccs1260\ccs\tools\compiler\ti-cgt-msp430_21.6.1.LTS\lib\</path>
         <kind>archive</kind>
         <file>rts430x_lc_sd_eabi.lib</file>
         <name>exit.c.obj</name>
      </input_file>
      <input_file id="fl-4e">
         <path>C:\ti\ccs1260\ccs\tools\compiler\ti-cgt-msp430_21.6.1.LTS\lib\</path>
         <kind>archive</kind>
         <file>rts430x_lc_sd_eabi.lib</file>
         <name>_lock.c.obj</name>
      </input_file>
      <input_file id="fl-4f">
         <path>C:\ti\ccs1260\ccs\tools\compiler\ti-cgt-msp430_21.6.1.LTS\lib\</path>
         <kind>archive</kind>
         <file>rts430x_lc_sd_eabi.lib</file>
         <name>args_main.c.obj</name>
      </input_file>
      <input_file id="fl-50">
         <path>C:\ti\ccs1260\ccs\tools\compiler\ti-cgt-msp430_21.6.1.LTS\lib\</path>
         <kind>archive</kind>
         <file>rts430x_lc_sd_eabi.lib</file>
         <name>memcpy.c.obj</name>
      </input_file>
      <input_file id="fl-51">
         <path>C:\ti\ccs1260\ccs\tools\compiler\ti-cgt-msp430_21.6.1.LTS\lib\</path>
         <kind>archive</kind>
         <file>rts430x_lc_sd_eabi.lib</file>
         <name>strcmp.c.obj</name>
      </input_file>
      <input_file id="fl-52">
         <path>C:\ti\ccs1260\ccs\tools\compiler\ti-cgt-msp430_21.6.1.LTS\lib\</path>
         <kind>archive</kind>
         <file>rts430x_lc_sd_eabi.lib</file>
         <name>strcpy.c.obj</name>
      </input_file>
      <input_file id="fl-53">
         <path>C:\ti\ccs1260\ccs\tools\compiler\ti-cgt-msp430_21.6.1.LTS\lib\</path>
         <kind>archive</kind>
         <file>rts430x_lc_sd_eabi.lib</file>
         <name>strlen.c.obj</name>
      </input_file>
      <input_file id="fl-54">
         <path>C:\ti\ccs1260\ccs\tools\compiler\ti-cgt-msp430_21.6.1.LTS\lib\</path>
         <kind>archive</kind>
         <file>rts430x_lc_sd_eabi.lib</file>
         <name>strncmp.c.obj</name>
      </input_file>
      <input_file id="fl-55">
         <path>C:\ti\ccs1260\ccs\tools\compiler\ti-cgt-msp430_21.6.1.LTS\lib\</path>
         <kind>archive</kind>
         <file>rts430x_lc_sd_eabi.lib</file>
         <name>cpy_util.asm.obj</name>
      </input_file>
      <input_file id="fl-56">
         <path>C:\ti\ccs1260\ccs\tools\compiler\ti-cgt-msp430_21.6.1.LTS\lib\</path>
         <kind>archive</kind>
         <file>rts430x_lc_sd_eabi.lib</file>
         <name>exit_gvars.c.obj</name>
      </input_file>
   </input_file_list>
   <object_component_list>
      <object_component id="oc-501">
         <name>__TI_handler_table</name>
         <load_address>0xc400</load_address>
         <run_address>0xc400</run_address>
         <size>0xc</size>
      </object_component>
      <object_component id="oc-504">
         <name>.cinit..data.load</name>
         <load_address>0xc40c</load_address>
         <run_address>0xc40c</run_address>
         <size>0x7</size>
      </object_component>
      <object_component id="oc-503">
         <name>.cinit..bss.load</name>
         <load_address>0xc414</load_address>
         <run_address>0xc414</run_address>
         <size>0x6</size>
      </object_component>
      <object_component id="oc-502">
         <name>__TI_cinit_table</name>
         <load_address>0xc41a</load_address>
         <run_address>0xc41a</run_address>
         <size>0x10</size>
      </object_component>
      <object_component id="oc-499">
         <name>.binit</name>
         <load_address>0xc42a</load_address>
         <run_address>0xc42a</run_address>
         <size>0x0</size>
      </object_component>
      <object_component id="oc-3ab">
         <name>.const:.string</name>
         <load_address>0xc42a</load_address>
         <run_address>0xc42a</run_address>
         <size>0x156</size>
         <input_file_ref idref="fl-5"/>
      </object_component>
      <object_component id="oc-47d">
         <name>.const:.string</name>
         <load_address>0xc580</load_address>
         <run_address>0xc580</run_address>
         <size>0x48</size>
         <input_file_ref idref="fl-7"/>
      </object_component>
      <object_component id="oc-355">
         <name>.text:fsm</name>
         <load_address>0xc5c8</load_address>
         <run_address>0xc5c8</run_address>
         <size>0x2b6</size>
         <input_file_ref idref="fl-5"/>
      </object_component>
      <object_component id="oc-69">
         <name>.text:decompress:lzss:__TI_decompress_lzss</name>
         <load_address>0xc87e</load_address>
         <run_address>0xc87e</run_address>
         <size>0xee</size>
         <input_file_ref idref="fl-4c"/>
      </object_component>
      <object_component id="oc-455">
         <name>.text:initializeCommandResponseMappings</name>
         <load_address>0xc96c</load_address>
         <run_address>0xc96c</run_address>
         <size>0x8e</size>
         <input_file_ref idref="fl-7"/>
      </object_component>
      <object_component id="oc-380">
         <name>.text:__TI_auto_init_nobinit_nopinit_hold_wdt:__TI_auto_init_nobinit_nopinit_hold_wdt</name>
         <load_address>0xc9fa</load_address>
         <run_address>0xc9fa</run_address>
         <size>0x6a</size>
         <input_file_ref idref="fl-45"/>
      </object_component>
      <object_component id="oc-40b">
         <name>.text:processCompleteMessage</name>
         <load_address>0xca64</load_address>
         <run_address>0xca64</run_address>
         <size>0x60</size>
         <input_file_ref idref="fl-7"/>
      </object_component>
      <object_component id="oc-3b2">
         <name>.text:parseIncomingData</name>
         <load_address>0xcac4</load_address>
         <run_address>0xcac4</run_address>
         <size>0x5e</size>
         <input_file_ref idref="fl-7"/>
      </object_component>
      <object_component id="oc-47e">
         <name>.text:handleAT_OKResponse</name>
         <load_address>0xcb22</load_address>
         <run_address>0xcb22</run_address>
         <size>0x56</size>
         <input_file_ref idref="fl-7"/>
      </object_component>
      <object_component id="oc-484">
         <name>.text:handleResponse</name>
         <load_address>0xcb78</load_address>
         <run_address>0xcb78</run_address>
         <size>0x4c</size>
         <input_file_ref idref="fl-7"/>
      </object_component>
      <object_component id="oc-279">
         <name>.text:__memcpy_far</name>
         <load_address>0xcbc4</load_address>
         <run_address>0xcbc4</run_address>
         <size>0x40</size>
         <input_file_ref idref="fl-55"/>
      </object_component>
      <object_component id="oc-33d">
         <name>.text:ConfigureClockSystem</name>
         <load_address>0xcc04</load_address>
         <run_address>0xcc04</run_address>
         <size>0x3e</size>
         <input_file_ref idref="fl-3"/>
      </object_component>
      <object_component id="oc-290">
         <name>.text:decompress:ZI:__TI_zero_init_nomemset:__TI_zero_init_nomemset</name>
         <load_address>0xcc42</load_address>
         <run_address>0xcc42</run_address>
         <size>0x3e</size>
         <input_file_ref idref="fl-46"/>
      </object_component>
      <object_component id="oc-6f">
         <name>.text:decompress:none:__TI_decompress_none</name>
         <load_address>0xcc80</load_address>
         <run_address>0xcc80</run_address>
         <size>0x3c</size>
         <input_file_ref idref="fl-4b"/>
      </object_component>
      <object_component id="oc-2f3">
         <name>.text:main</name>
         <load_address>0xccbc</load_address>
         <run_address>0xccbc</run_address>
         <size>0x30</size>
         <input_file_ref idref="fl-9"/>
      </object_component>
      <object_component id="oc-404">
         <name>.text:readFromBuffer</name>
         <load_address>0xccec</load_address>
         <run_address>0xccec</run_address>
         <size>0x2e</size>
         <input_file_ref idref="fl-2"/>
      </object_component>
      <object_component id="oc-343">
         <name>.text:gsm_on</name>
         <load_address>0xcd1a</load_address>
         <run_address>0xcd1a</run_address>
         <size>0x2c</size>
         <input_file_ref idref="fl-6"/>
      </object_component>
      <object_component id="oc-462">
         <name>.text:strncmp</name>
         <load_address>0xcd46</load_address>
         <run_address>0xcd46</run_address>
         <size>0x2a</size>
         <input_file_ref idref="fl-54"/>
      </object_component>
      <object_component id="oc-28a">
         <name>.text:_isr:USCI_A1_ISR</name>
         <load_address>0xcd70</load_address>
         <run_address>0xcd70</run_address>
         <size>0x24</size>
         <input_file_ref idref="fl-8"/>
      </object_component>
      <object_component id="oc-349">
         <name>.text:UART_INIT</name>
         <load_address>0xcd94</load_address>
         <run_address>0xcd94</run_address>
         <size>0x20</size>
         <input_file_ref idref="fl-8"/>
      </object_component>
      <object_component id="oc-337">
         <name>.text:GPIO_PORT</name>
         <load_address>0xcdb4</load_address>
         <run_address>0xcdb4</run_address>
         <size>0x1e</size>
         <input_file_ref idref="fl-8"/>
      </object_component>
      <object_component id="oc-39f">
         <name>.text:delay_ms</name>
         <load_address>0xcdd2</load_address>
         <run_address>0xcdd2</run_address>
         <size>0x1e</size>
         <input_file_ref idref="fl-4"/>
      </object_component>
      <object_component id="oc-2a2">
         <name>.text:_isr:_c_int00_noargs</name>
         <load_address>0xcdf0</load_address>
         <run_address>0xcdf0</run_address>
         <size>0x1c</size>
         <input_file_ref idref="fl-44"/>
      </object_component>
      <object_component id="oc-441">
         <name>.text</name>
         <load_address>0xce0c</load_address>
         <run_address>0xce0c</run_address>
         <size>0x18</size>
         <input_file_ref idref="fl-3f"/>
      </object_component>
      <object_component id="oc-3b9">
         <name>.text:strcmp</name>
         <load_address>0xce24</load_address>
         <run_address>0xce24</run_address>
         <size>0x18</size>
         <input_file_ref idref="fl-51"/>
      </object_component>
      <object_component id="oc-2e0">
         <name>.text</name>
         <load_address>0xce3c</load_address>
         <run_address>0xce3c</run_address>
         <size>0x16</size>
         <input_file_ref idref="fl-2a"/>
      </object_component>
      <object_component id="oc-3ac">
         <name>.text:UART_SendString</name>
         <load_address>0xce52</load_address>
         <run_address>0xce52</run_address>
         <size>0x14</size>
         <input_file_ref idref="fl-8"/>
      </object_component>
      <object_component id="oc-417">
         <name>.text:isBufferEmpty</name>
         <load_address>0xce66</load_address>
         <run_address>0xce66</run_address>
         <size>0x10</size>
         <input_file_ref idref="fl-2"/>
      </object_component>
      <object_component id="oc-411">
         <name>.text:strcpy</name>
         <load_address>0xce76</load_address>
         <run_address>0xce76</run_address>
         <size>0x10</size>
         <input_file_ref idref="fl-52"/>
      </object_component>
      <object_component id="oc-3fd">
         <name>.text:UART_SendChar</name>
         <load_address>0xce86</load_address>
         <run_address>0xce86</run_address>
         <size>0xe</size>
         <input_file_ref idref="fl-8"/>
      </object_component>
      <object_component id="oc-45c">
         <name>.text:strlen</name>
         <load_address>0xce94</load_address>
         <run_address>0xce94</run_address>
         <size>0xe</size>
         <input_file_ref idref="fl-53"/>
      </object_component>
      <object_component id="oc-34f">
         <name>.text:cbuff_init</name>
         <load_address>0xcea2</load_address>
         <run_address>0xcea2</run_address>
         <size>0xa</size>
         <input_file_ref idref="fl-2"/>
      </object_component>
      <object_component id="oc-285">
         <name>.text:_isr:__TI_ISR_TRAP</name>
         <load_address>0xceac</load_address>
         <run_address>0xceac</run_address>
         <size>0x8</size>
         <input_file_ref idref="fl-3d"/>
      </object_component>
      <object_component id="oc-35c">
         <name>.text:abort</name>
         <load_address>0xceb4</load_address>
         <run_address>0xceb4</run_address>
         <size>0x6</size>
         <input_file_ref idref="fl-4d"/>
      </object_component>
      <object_component id="oc-2ed">
         <name>.text:_system_pre_init</name>
         <load_address>0xceba</load_address>
         <run_address>0xceba</run_address>
         <size>0x4</size>
         <input_file_ref idref="fl-49"/>
      </object_component>
      <object_component id="oc-3d2">
         <name>.text:_system_post_cinit</name>
         <load_address>0xcebe</load_address>
         <run_address>0xcebe</run_address>
         <size>0x2</size>
         <input_file_ref idref="fl-4a"/>
      </object_component>
      <object_component id="oc-40a">
         <name>.bss:message$1</name>
         <uninitialized>true</uninitialized>
         <run_address>0x2126</run_address>
         <size>0x32</size>
         <input_file_ref idref="fl-7"/>
      </object_component>
      <object_component id="oc-2d7">
         <name>.common:buffer</name>
         <uninitialized>true</uninitialized>
         <run_address>0x20f0</run_address>
         <size>0x36</size>
      </object_component>
      <object_component id="oc-3b8">
         <name>.common:arr</name>
         <uninitialized>true</uninitialized>
         <run_address>0x2158</run_address>
         <size>0x32</size>
      </object_component>
      <object_component id="oc-45b">
         <name>.common:commandResponseMappings</name>
         <uninitialized>true</uninitialized>
         <run_address>0x2000</run_address>
         <size>0xf0</size>
      </object_component>
      <object_component id="oc-3a8">
         <name>.data</name>
         <load_address>0x218a</load_address>
         <run_address>0x218a</run_address>
         <size>0x4</size>
         <input_file_ref idref="fl-5"/>
      </object_component>
      <object_component id="oc-26a">
         <name>.stack</name>
         <uninitialized>true</uninitialized>
         <run_address>0x2f60</run_address>
         <size>0x2</size>
         <input_file_ref idref="fl-44"/>
      </object_component>
      <object_component id="oc-505">
         <name>.stack</name>
         <uninitialized>true</uninitialized>
         <run_address>0x2f60</run_address>
         <size>0x0</size>
      </object_component>
      <object_component id="oc-75">
         <name>.int40</name>
         <load_address>0xffd8</load_address>
         <run_address>0xffd8</run_address>
         <size>0x2</size>
         <input_file_ref idref="fl-2b"/>
      </object_component>
      <object_component id="oc-76">
         <name>.int41</name>
         <load_address>0xffda</load_address>
         <run_address>0xffda</run_address>
         <size>0x2</size>
         <input_file_ref idref="fl-2c"/>
      </object_component>
      <object_component id="oc-77">
         <name>.int42</name>
         <load_address>0xffdc</load_address>
         <run_address>0xffdc</run_address>
         <size>0x2</size>
         <input_file_ref idref="fl-2d"/>
      </object_component>
      <object_component id="oc-78">
         <name>.int43</name>
         <load_address>0xffde</load_address>
         <run_address>0xffde</run_address>
         <size>0x2</size>
         <input_file_ref idref="fl-2e"/>
      </object_component>
      <object_component id="oc-79">
         <name>.int44</name>
         <load_address>0xffe0</load_address>
         <run_address>0xffe0</run_address>
         <size>0x2</size>
         <input_file_ref idref="fl-2f"/>
      </object_component>
      <object_component id="oc-7a">
         <name>.int45</name>
         <load_address>0xffe2</load_address>
         <run_address>0xffe2</run_address>
         <size>0x2</size>
         <input_file_ref idref="fl-8"/>
      </object_component>
      <object_component id="oc-7b">
         <name>.int46</name>
         <load_address>0xffe4</load_address>
         <run_address>0xffe4</run_address>
         <size>0x2</size>
         <input_file_ref idref="fl-30"/>
      </object_component>
      <object_component id="oc-7c">
         <name>.int47</name>
         <load_address>0xffe6</load_address>
         <run_address>0xffe6</run_address>
         <size>0x2</size>
         <input_file_ref idref="fl-31"/>
      </object_component>
      <object_component id="oc-7d">
         <name>.int48</name>
         <load_address>0xffe8</load_address>
         <run_address>0xffe8</run_address>
         <size>0x2</size>
         <input_file_ref idref="fl-32"/>
      </object_component>
      <object_component id="oc-7e">
         <name>.int49</name>
         <load_address>0xffea</load_address>
         <run_address>0xffea</run_address>
         <size>0x2</size>
         <input_file_ref idref="fl-33"/>
      </object_component>
      <object_component id="oc-7f">
         <name>.int50</name>
         <load_address>0xffec</load_address>
         <run_address>0xffec</run_address>
         <size>0x2</size>
         <input_file_ref idref="fl-34"/>
      </object_component>
      <object_component id="oc-80">
         <name>.int51</name>
         <load_address>0xffee</load_address>
         <run_address>0xffee</run_address>
         <size>0x2</size>
         <input_file_ref idref="fl-35"/>
      </object_component>
      <object_component id="oc-81">
         <name>.int52</name>
         <load_address>0xfff0</load_address>
         <run_address>0xfff0</run_address>
         <size>0x2</size>
         <input_file_ref idref="fl-36"/>
      </object_component>
      <object_component id="oc-82">
         <name>.int53</name>
         <load_address>0xfff2</load_address>
         <run_address>0xfff2</run_address>
         <size>0x2</size>
         <input_file_ref idref="fl-37"/>
      </object_component>
      <object_component id="oc-83">
         <name>.int54</name>
         <load_address>0xfff4</load_address>
         <run_address>0xfff4</run_address>
         <size>0x2</size>
         <input_file_ref idref="fl-38"/>
      </object_component>
      <object_component id="oc-84">
         <name>.int55</name>
         <load_address>0xfff6</load_address>
         <run_address>0xfff6</run_address>
         <size>0x2</size>
         <input_file_ref idref="fl-39"/>
      </object_component>
      <object_component id="oc-85">
         <name>.int56</name>
         <load_address>0xfff8</load_address>
         <run_address>0xfff8</run_address>
         <size>0x2</size>
         <input_file_ref idref="fl-3a"/>
      </object_component>
      <object_component id="oc-86">
         <name>.int57</name>
         <load_address>0xfffa</load_address>
         <run_address>0xfffa</run_address>
         <size>0x2</size>
         <input_file_ref idref="fl-3b"/>
      </object_component>
      <object_component id="oc-87">
         <name>.int58</name>
         <load_address>0xfffc</load_address>
         <run_address>0xfffc</run_address>
         <size>0x2</size>
         <input_file_ref idref="fl-3c"/>
      </object_component>
      <object_component id="oc-26d">
         <name>.reset</name>
         <load_address>0xfffe</load_address>
         <run_address>0xfffe</run_address>
         <size>0x2</size>
         <input_file_ref idref="fl-44"/>
      </object_component>
      <object_component id="oc-2d8">
         <name>.debug_info</name>
         <load_address>0x0</load_address>
         <run_address>0x0</run_address>
         <size>0x168</size>
         <input_file_ref idref="fl-2"/>
      </object_component>
      <object_component id="oc-418">
         <name>.debug_info</name>
         <load_address>0x168</load_address>
         <run_address>0x168</run_address>
         <size>0x155</size>
         <input_file_ref idref="fl-2"/>
      </object_component>
      <object_component id="oc-405">
         <name>.debug_info</name>
         <load_address>0x2bd</load_address>
         <run_address>0x2bd</run_address>
         <size>0x190</size>
         <input_file_ref idref="fl-2"/>
      </object_component>
      <object_component id="oc-352">
         <name>.debug_info</name>
         <load_address>0x44d</load_address>
         <run_address>0x44d</run_address>
         <size>0x14b</size>
         <input_file_ref idref="fl-2"/>
      </object_component>
      <object_component id="oc-316">
         <name>.debug_info</name>
         <load_address>0x598</load_address>
         <run_address>0x598</run_address>
         <size>0x72</size>
         <input_file_ref idref="fl-2"/>
      </object_component>
      <object_component id="oc-274">
         <name>.debug_info</name>
         <load_address>0x60a</load_address>
         <run_address>0x60a</run_address>
         <size>0x84</size>
         <input_file_ref idref="fl-2"/>
      </object_component>
      <object_component id="oc-33e">
         <name>.debug_info</name>
         <load_address>0x68e</load_address>
         <run_address>0x68e</run_address>
         <size>0x12c</size>
         <input_file_ref idref="fl-3"/>
      </object_component>
      <object_component id="oc-3a0">
         <name>.debug_info</name>
         <load_address>0x7ba</load_address>
         <run_address>0x7ba</run_address>
         <size>0x112</size>
         <input_file_ref idref="fl-4"/>
      </object_component>
      <object_component id="oc-39b">
         <name>.debug_info</name>
         <load_address>0x8cc</load_address>
         <run_address>0x8cc</run_address>
         <size>0x1f7</size>
         <input_file_ref idref="fl-5"/>
      </object_component>
      <object_component id="oc-3a9">
         <name>.debug_info</name>
         <load_address>0xac3</load_address>
         <run_address>0xac3</run_address>
         <size>0xfa</size>
         <input_file_ref idref="fl-5"/>
      </object_component>
      <object_component id="oc-359">
         <name>.debug_info</name>
         <load_address>0xbbd</load_address>
         <run_address>0xbbd</run_address>
         <size>0x575</size>
         <input_file_ref idref="fl-5"/>
      </object_component>
      <object_component id="oc-3f8">
         <name>.debug_info</name>
         <load_address>0x1132</load_address>
         <run_address>0x1132</run_address>
         <size>0xe1</size>
         <input_file_ref idref="fl-5"/>
      </object_component>
      <object_component id="oc-32c">
         <name>.debug_info</name>
         <load_address>0x1213</load_address>
         <run_address>0x1213</run_address>
         <size>0x2c</size>
         <input_file_ref idref="fl-5"/>
      </object_component>
      <object_component id="oc-322">
         <name>.debug_info</name>
         <load_address>0x123f</load_address>
         <run_address>0x123f</run_address>
         <size>0x35</size>
         <input_file_ref idref="fl-5"/>
      </object_component>
      <object_component id="oc-346">
         <name>.debug_info</name>
         <load_address>0x1274</load_address>
         <run_address>0x1274</run_address>
         <size>0x131</size>
         <input_file_ref idref="fl-6"/>
      </object_component>
      <object_component id="oc-2da">
         <name>.debug_info</name>
         <load_address>0x13a5</load_address>
         <run_address>0x13a5</run_address>
         <size>0x2da</size>
         <input_file_ref idref="fl-7"/>
      </object_component>
      <object_component id="oc-456">
         <name>.debug_info</name>
         <load_address>0x167f</load_address>
         <run_address>0x167f</run_address>
         <size>0x13d</size>
         <input_file_ref idref="fl-7"/>
      </object_component>
      <object_component id="oc-485">
         <name>.debug_info</name>
         <load_address>0x17bc</load_address>
         <run_address>0x17bc</run_address>
         <size>0x19a</size>
         <input_file_ref idref="fl-7"/>
      </object_component>
      <object_component id="oc-47f">
         <name>.debug_info</name>
         <load_address>0x1956</load_address>
         <run_address>0x1956</run_address>
         <size>0x1a1</size>
         <input_file_ref idref="fl-7"/>
      </object_component>
      <object_component id="oc-40c">
         <name>.debug_info</name>
         <load_address>0x1af7</load_address>
         <run_address>0x1af7</run_address>
         <size>0x1e6</size>
         <input_file_ref idref="fl-7"/>
      </object_component>
      <object_component id="oc-3b4">
         <name>.debug_info</name>
         <load_address>0x1cdd</load_address>
         <run_address>0x1cdd</run_address>
         <size>0x1bf</size>
         <input_file_ref idref="fl-7"/>
      </object_component>
      <object_component id="oc-327">
         <name>.debug_info</name>
         <load_address>0x1e9c</load_address>
         <run_address>0x1e9c</run_address>
         <size>0x72</size>
         <input_file_ref idref="fl-7"/>
      </object_component>
      <object_component id="oc-31d">
         <name>.debug_info</name>
         <load_address>0x1f0e</load_address>
         <run_address>0x1f0e</run_address>
         <size>0x5e</size>
         <input_file_ref idref="fl-7"/>
      </object_component>
      <object_component id="oc-2dc">
         <name>.debug_info</name>
         <load_address>0x1f6c</load_address>
         <run_address>0x1f6c</run_address>
         <size>0x2c7</size>
         <input_file_ref idref="fl-8"/>
      </object_component>
      <object_component id="oc-28b">
         <name>.debug_info</name>
         <load_address>0x2233</load_address>
         <run_address>0x2233</run_address>
         <size>0x11d</size>
         <input_file_ref idref="fl-8"/>
      </object_component>
      <object_component id="oc-3fe">
         <name>.debug_info</name>
         <load_address>0x2350</load_address>
         <run_address>0x2350</run_address>
         <size>0x12e</size>
         <input_file_ref idref="fl-8"/>
      </object_component>
      <object_component id="oc-3ae">
         <name>.debug_info</name>
         <load_address>0x247e</load_address>
         <run_address>0x247e</run_address>
         <size>0x142</size>
         <input_file_ref idref="fl-8"/>
      </object_component>
      <object_component id="oc-34b">
         <name>.debug_info</name>
         <load_address>0x25c0</load_address>
         <run_address>0x25c0</run_address>
         <size>0x104</size>
         <input_file_ref idref="fl-8"/>
      </object_component>
      <object_component id="oc-338">
         <name>.debug_info</name>
         <load_address>0x26c4</load_address>
         <run_address>0x26c4</run_address>
         <size>0x104</size>
         <input_file_ref idref="fl-8"/>
      </object_component>
      <object_component id="oc-2de">
         <name>.debug_info</name>
         <load_address>0x27c8</load_address>
         <run_address>0x27c8</run_address>
         <size>0x266</size>
         <input_file_ref idref="fl-9"/>
      </object_component>
      <object_component id="oc-2f4">
         <name>.debug_info</name>
         <load_address>0x2a2e</load_address>
         <run_address>0x2a2e</run_address>
         <size>0x15b</size>
         <input_file_ref idref="fl-9"/>
      </object_component>
      <object_component id="oc-2e2">
         <name>.debug_info</name>
         <load_address>0x2b89</load_address>
         <run_address>0x2b89</run_address>
         <size>0x121</size>
         <input_file_ref idref="fl-2a"/>
      </object_component>
      <object_component id="oc-288">
         <name>.debug_info</name>
         <load_address>0x2caa</load_address>
         <run_address>0x2caa</run_address>
         <size>0x10f</size>
         <input_file_ref idref="fl-3d"/>
      </object_component>
      <object_component id="oc-442">
         <name>.debug_info</name>
         <load_address>0x2db9</load_address>
         <run_address>0x2db9</run_address>
         <size>0x130</size>
         <input_file_ref idref="fl-3f"/>
      </object_component>
      <object_component id="oc-26b">
         <name>.debug_info</name>
         <load_address>0x2ee9</load_address>
         <run_address>0x2ee9</run_address>
         <size>0x100</size>
         <input_file_ref idref="fl-44"/>
      </object_component>
      <object_component id="oc-2a3">
         <name>.debug_info</name>
         <load_address>0x2fe9</load_address>
         <run_address>0x2fe9</run_address>
         <size>0x17a</size>
         <input_file_ref idref="fl-44"/>
      </object_component>
      <object_component id="oc-3d9">
         <name>.debug_info</name>
         <load_address>0x3163</load_address>
         <run_address>0x3163</run_address>
         <size>0x409</size>
         <input_file_ref idref="fl-45"/>
      </object_component>
      <object_component id="oc-381">
         <name>.debug_info</name>
         <load_address>0x356c</load_address>
         <run_address>0x356c</run_address>
         <size>0x216</size>
         <input_file_ref idref="fl-45"/>
      </object_component>
      <object_component id="oc-437">
         <name>.debug_info</name>
         <load_address>0x3782</load_address>
         <run_address>0x3782</run_address>
         <size>0x39</size>
         <input_file_ref idref="fl-45"/>
      </object_component>
      <object_component id="oc-44e">
         <name>.debug_info</name>
         <load_address>0x37bb</load_address>
         <run_address>0x37bb</run_address>
         <size>0x2c</size>
         <input_file_ref idref="fl-45"/>
      </object_component>
      <object_component id="oc-3e4">
         <name>.debug_info</name>
         <load_address>0x37e7</load_address>
         <run_address>0x37e7</run_address>
         <size>0x2c</size>
         <input_file_ref idref="fl-45"/>
      </object_component>
      <object_component id="oc-43c">
         <name>.debug_info</name>
         <load_address>0x3813</load_address>
         <run_address>0x3813</run_address>
         <size>0xcd</size>
         <input_file_ref idref="fl-45"/>
      </object_component>
      <object_component id="oc-292">
         <name>.debug_info</name>
         <load_address>0x38e0</load_address>
         <run_address>0x38e0</run_address>
         <size>0x1d3</size>
         <input_file_ref idref="fl-46"/>
      </object_component>
      <object_component id="oc-2e7">
         <name>.debug_info</name>
         <load_address>0x3ab3</load_address>
         <run_address>0x3ab3</run_address>
         <size>0x46</size>
         <input_file_ref idref="fl-46"/>
      </object_component>
      <object_component id="oc-2f1">
         <name>.debug_info</name>
         <load_address>0x3af9</load_address>
         <run_address>0x3af9</run_address>
         <size>0x153</size>
         <input_file_ref idref="fl-49"/>
      </object_component>
      <object_component id="oc-3d6">
         <name>.debug_info</name>
         <load_address>0x3c4c</load_address>
         <run_address>0x3c4c</run_address>
         <size>0x150</size>
         <input_file_ref idref="fl-4a"/>
      </object_component>
      <object_component id="oc-284">
         <name>.debug_info</name>
         <load_address>0x3d9c</load_address>
         <run_address>0x3d9c</run_address>
         <size>0x1da</size>
         <input_file_ref idref="fl-4b"/>
      </object_component>
      <object_component id="oc-72">
         <name>.debug_info</name>
         <load_address>0x3f76</load_address>
         <run_address>0x3f76</run_address>
         <size>0x1f2</size>
         <input_file_ref idref="fl-4b"/>
      </object_component>
      <object_component id="oc-27f">
         <name>.debug_info</name>
         <load_address>0x4168</load_address>
         <run_address>0x4168</run_address>
         <size>0x46</size>
         <input_file_ref idref="fl-4b"/>
      </object_component>
      <object_component id="oc-6d">
         <name>.debug_info</name>
         <load_address>0x41ae</load_address>
         <run_address>0x41ae</run_address>
         <size>0x2b8</size>
         <input_file_ref idref="fl-4c"/>
      </object_component>
      <object_component id="oc-30f">
         <name>.debug_info</name>
         <load_address>0x4466</load_address>
         <run_address>0x4466</run_address>
         <size>0x46</size>
         <input_file_ref idref="fl-4c"/>
      </object_component>
      <object_component id="oc-2ce">
         <name>.debug_info</name>
         <load_address>0x44ac</load_address>
         <run_address>0x44ac</run_address>
         <size>0x39</size>
         <input_file_ref idref="fl-4c"/>
      </object_component>
      <object_component id="oc-26f">
         <name>.debug_info</name>
         <load_address>0x44e5</load_address>
         <run_address>0x44e5</run_address>
         <size>0x60</size>
         <input_file_ref idref="fl-4c"/>
      </object_component>
      <object_component id="oc-35f">
         <name>.debug_info</name>
         <load_address>0x4545</load_address>
         <run_address>0x4545</run_address>
         <size>0x122</size>
         <input_file_ref idref="fl-4d"/>
      </object_component>
      <object_component id="oc-41f">
         <name>.debug_info</name>
         <load_address>0x4667</load_address>
         <run_address>0x4667</run_address>
         <size>0x162</size>
         <input_file_ref idref="fl-51"/>
      </object_component>
      <object_component id="oc-3bc">
         <name>.debug_info</name>
         <load_address>0x47c9</load_address>
         <run_address>0x47c9</run_address>
         <size>0x273</size>
         <input_file_ref idref="fl-51"/>
      </object_component>
      <object_component id="oc-46a">
         <name>.debug_info</name>
         <load_address>0x4a3c</load_address>
         <run_address>0x4a3c</run_address>
         <size>0x17c</size>
         <input_file_ref idref="fl-52"/>
      </object_component>
      <object_component id="oc-413">
         <name>.debug_info</name>
         <load_address>0x4bb8</load_address>
         <run_address>0x4bb8</run_address>
         <size>0x24d</size>
         <input_file_ref idref="fl-52"/>
      </object_component>
      <object_component id="oc-48c">
         <name>.debug_info</name>
         <load_address>0x4e05</load_address>
         <run_address>0x4e05</run_address>
         <size>0x162</size>
         <input_file_ref idref="fl-53"/>
      </object_component>
      <object_component id="oc-45d">
         <name>.debug_info</name>
         <load_address>0x4f67</load_address>
         <run_address>0x4f67</run_address>
         <size>0x230</size>
         <input_file_ref idref="fl-53"/>
      </object_component>
      <object_component id="oc-48e">
         <name>.debug_info</name>
         <load_address>0x5197</load_address>
         <run_address>0x5197</run_address>
         <size>0x168</size>
         <input_file_ref idref="fl-54"/>
      </object_component>
      <object_component id="oc-466">
         <name>.debug_info</name>
         <load_address>0x52ff</load_address>
         <run_address>0x52ff</run_address>
         <size>0x28d</size>
         <input_file_ref idref="fl-54"/>
      </object_component>
      <object_component id="oc-27c">
         <name>.debug_info</name>
         <load_address>0x558c</load_address>
         <run_address>0x558c</run_address>
         <size>0x121</size>
         <input_file_ref idref="fl-55"/>
      </object_component>
      <object_component id="oc-506">
         <name>.debug_info</name>
         <load_address>0x56ad</load_address>
         <run_address>0x56ad</run_address>
         <size>0xa7</size>
      </object_component>
      <object_component id="oc-315">
         <name>.debug_line</name>
         <load_address>0x0</load_address>
         <run_address>0x0</run_address>
         <size>0x36</size>
         <input_file_ref idref="fl-2"/>
      </object_component>
      <object_component id="oc-41c">
         <name>.debug_line</name>
         <load_address>0x36</load_address>
         <run_address>0x36</run_address>
         <size>0x49</size>
         <input_file_ref idref="fl-2"/>
      </object_component>
      <object_component id="oc-408">
         <name>.debug_line</name>
         <load_address>0x7f</load_address>
         <run_address>0x7f</run_address>
         <size>0x55</size>
         <input_file_ref idref="fl-2"/>
      </object_component>
      <object_component id="oc-351">
         <name>.debug_line</name>
         <load_address>0xd4</load_address>
         <run_address>0xd4</run_address>
         <size>0x4a</size>
         <input_file_ref idref="fl-2"/>
      </object_component>
      <object_component id="oc-319">
         <name>.debug_line</name>
         <load_address>0x11e</load_address>
         <run_address>0x11e</run_address>
         <size>0x36</size>
         <input_file_ref idref="fl-2"/>
      </object_component>
      <object_component id="oc-277">
         <name>.debug_line</name>
         <load_address>0x154</load_address>
         <run_address>0x154</run_address>
         <size>0x20</size>
         <input_file_ref idref="fl-2"/>
      </object_component>
      <object_component id="oc-341">
         <name>.debug_line</name>
         <load_address>0x174</load_address>
         <run_address>0x174</run_address>
         <size>0x50</size>
         <input_file_ref idref="fl-3"/>
      </object_component>
      <object_component id="oc-3a4">
         <name>.debug_line</name>
         <load_address>0x1c4</load_address>
         <run_address>0x1c4</run_address>
         <size>0x49</size>
         <input_file_ref idref="fl-4"/>
      </object_component>
      <object_component id="oc-3f4">
         <name>.debug_line</name>
         <load_address>0x20d</load_address>
         <run_address>0x20d</run_address>
         <size>0xa5</size>
         <input_file_ref idref="fl-5"/>
      </object_component>
      <object_component id="oc-3f7">
         <name>.debug_line</name>
         <load_address>0x2b2</load_address>
         <run_address>0x2b2</run_address>
         <size>0x2c</size>
         <input_file_ref idref="fl-5"/>
      </object_component>
      <object_component id="oc-358">
         <name>.debug_line</name>
         <load_address>0x2de</load_address>
         <run_address>0x2de</run_address>
         <size>0xbe</size>
         <input_file_ref idref="fl-5"/>
      </object_component>
      <object_component id="oc-3fb">
         <name>.debug_line</name>
         <load_address>0x39c</load_address>
         <run_address>0x39c</run_address>
         <size>0x2c</size>
         <input_file_ref idref="fl-5"/>
      </object_component>
      <object_component id="oc-32f">
         <name>.debug_line</name>
         <load_address>0x3c8</load_address>
         <run_address>0x3c8</run_address>
         <size>0x6e</size>
         <input_file_ref idref="fl-5"/>
      </object_component>
      <object_component id="oc-325">
         <name>.debug_line</name>
         <load_address>0x436</load_address>
         <run_address>0x436</run_address>
         <size>0x77</size>
         <input_file_ref idref="fl-5"/>
      </object_component>
      <object_component id="oc-348">
         <name>.debug_line</name>
         <load_address>0x4ad</load_address>
         <run_address>0x4ad</run_address>
         <size>0x47</size>
         <input_file_ref idref="fl-6"/>
      </object_component>
      <object_component id="oc-31c">
         <name>.debug_line</name>
         <load_address>0x4f4</load_address>
         <run_address>0x4f4</run_address>
         <size>0x94</size>
         <input_file_ref idref="fl-7"/>
      </object_component>
      <object_component id="oc-459">
         <name>.debug_line</name>
         <load_address>0x588</load_address>
         <run_address>0x588</run_address>
         <size>0x58</size>
         <input_file_ref idref="fl-7"/>
      </object_component>
      <object_component id="oc-489">
         <name>.debug_line</name>
         <load_address>0x5e0</load_address>
         <run_address>0x5e0</run_address>
         <size>0x45</size>
         <input_file_ref idref="fl-7"/>
      </object_component>
      <object_component id="oc-483">
         <name>.debug_line</name>
         <load_address>0x625</load_address>
         <run_address>0x625</run_address>
         <size>0x45</size>
         <input_file_ref idref="fl-7"/>
      </object_component>
      <object_component id="oc-40f">
         <name>.debug_line</name>
         <load_address>0x66a</load_address>
         <run_address>0x66a</run_address>
         <size>0x52</size>
         <input_file_ref idref="fl-7"/>
      </object_component>
      <object_component id="oc-3b3">
         <name>.debug_line</name>
         <load_address>0x6bc</load_address>
         <run_address>0x6bc</run_address>
         <size>0x6b</size>
         <input_file_ref idref="fl-7"/>
      </object_component>
      <object_component id="oc-32a">
         <name>.debug_line</name>
         <load_address>0x727</load_address>
         <run_address>0x727</run_address>
         <size>0x36</size>
         <input_file_ref idref="fl-7"/>
      </object_component>
      <object_component id="oc-320">
         <name>.debug_line</name>
         <load_address>0x75d</load_address>
         <run_address>0x75d</run_address>
         <size>0x30</size>
         <input_file_ref idref="fl-7"/>
      </object_component>
      <object_component id="oc-332">
         <name>.debug_line</name>
         <load_address>0x78d</load_address>
         <run_address>0x78d</run_address>
         <size>0x72</size>
         <input_file_ref idref="fl-8"/>
      </object_component>
      <object_component id="oc-28e">
         <name>.debug_line</name>
         <load_address>0x7ff</load_address>
         <run_address>0x7ff</run_address>
         <size>0x43</size>
         <input_file_ref idref="fl-8"/>
      </object_component>
      <object_component id="oc-401">
         <name>.debug_line</name>
         <load_address>0x842</load_address>
         <run_address>0x842</run_address>
         <size>0x43</size>
         <input_file_ref idref="fl-8"/>
      </object_component>
      <object_component id="oc-3ad">
         <name>.debug_line</name>
         <load_address>0x885</load_address>
         <run_address>0x885</run_address>
         <size>0x47</size>
         <input_file_ref idref="fl-8"/>
      </object_component>
      <object_component id="oc-34a">
         <name>.debug_line</name>
         <load_address>0x8cc</load_address>
         <run_address>0x8cc</run_address>
         <size>0x45</size>
         <input_file_ref idref="fl-8"/>
      </object_component>
      <object_component id="oc-33b">
         <name>.debug_line</name>
         <load_address>0x911</load_address>
         <run_address>0x911</run_address>
         <size>0x46</size>
         <input_file_ref idref="fl-8"/>
      </object_component>
      <object_component id="oc-334">
         <name>.debug_line</name>
         <load_address>0x957</load_address>
         <run_address>0x957</run_address>
         <size>0xad</size>
         <input_file_ref idref="fl-9"/>
      </object_component>
      <object_component id="oc-2f7">
         <name>.debug_line</name>
         <load_address>0xa04</load_address>
         <run_address>0xa04</run_address>
         <size>0x48</size>
         <input_file_ref idref="fl-9"/>
      </object_component>
      <object_component id="oc-2e1">
         <name>.debug_line</name>
         <load_address>0xa4c</load_address>
         <run_address>0xa4c</run_address>
         <size>0x43</size>
         <input_file_ref idref="fl-2a"/>
      </object_component>
      <object_component id="oc-287">
         <name>.debug_line</name>
         <load_address>0xa8f</load_address>
         <run_address>0xa8f</run_address>
         <size>0x3d</size>
         <input_file_ref idref="fl-3d"/>
      </object_component>
      <object_component id="oc-445">
         <name>.debug_line</name>
         <load_address>0xacc</load_address>
         <run_address>0xacc</run_address>
         <size>0x46</size>
         <input_file_ref idref="fl-3f"/>
      </object_component>
      <object_component id="oc-2cd">
         <name>.debug_line</name>
         <load_address>0xb12</load_address>
         <run_address>0xb12</run_address>
         <size>0x2a</size>
         <input_file_ref idref="fl-44"/>
      </object_component>
      <object_component id="oc-2a7">
         <name>.debug_line</name>
         <load_address>0xb3c</load_address>
         <run_address>0xb3c</run_address>
         <size>0x46</size>
         <input_file_ref idref="fl-44"/>
      </object_component>
      <object_component id="oc-436">
         <name>.debug_line</name>
         <load_address>0xb82</load_address>
         <run_address>0xb82</run_address>
         <size>0xbf</size>
         <input_file_ref idref="fl-45"/>
      </object_component>
      <object_component id="oc-384">
         <name>.debug_line</name>
         <load_address>0xc41</load_address>
         <run_address>0xc41</run_address>
         <size>0x84</size>
         <input_file_ref idref="fl-45"/>
      </object_component>
      <object_component id="oc-43a">
         <name>.debug_line</name>
         <load_address>0xcc5</load_address>
         <run_address>0xcc5</run_address>
         <size>0x2e</size>
         <input_file_ref idref="fl-45"/>
      </object_component>
      <object_component id="oc-451">
         <name>.debug_line</name>
         <load_address>0xcf3</load_address>
         <run_address>0xcf3</run_address>
         <size>0x9a</size>
         <input_file_ref idref="fl-45"/>
      </object_component>
      <object_component id="oc-3e7">
         <name>.debug_line</name>
         <load_address>0xd8d</load_address>
         <run_address>0xd8d</run_address>
         <size>0x97</size>
         <input_file_ref idref="fl-45"/>
      </object_component>
      <object_component id="oc-43f">
         <name>.debug_line</name>
         <load_address>0xe24</load_address>
         <run_address>0xe24</run_address>
         <size>0x93</size>
         <input_file_ref idref="fl-45"/>
      </object_component>
      <object_component id="oc-294">
         <name>.debug_line</name>
         <load_address>0xeb7</load_address>
         <run_address>0xeb7</run_address>
         <size>0x4e</size>
         <input_file_ref idref="fl-46"/>
      </object_component>
      <object_component id="oc-2ea">
         <name>.debug_line</name>
         <load_address>0xf05</load_address>
         <run_address>0xf05</run_address>
         <size>0x34</size>
         <input_file_ref idref="fl-46"/>
      </object_component>
      <object_component id="oc-2ee">
         <name>.debug_line</name>
         <load_address>0xf39</load_address>
         <run_address>0xf39</run_address>
         <size>0x3e</size>
         <input_file_ref idref="fl-49"/>
      </object_component>
      <object_component id="oc-3d5">
         <name>.debug_line</name>
         <load_address>0xf77</load_address>
         <run_address>0xf77</run_address>
         <size>0x3a</size>
         <input_file_ref idref="fl-4a"/>
      </object_component>
      <object_component id="oc-2d5">
         <name>.debug_line</name>
         <load_address>0xfb1</load_address>
         <run_address>0xfb1</run_address>
         <size>0x3a</size>
         <input_file_ref idref="fl-4b"/>
      </object_component>
      <object_component id="oc-71">
         <name>.debug_line</name>
         <load_address>0xfeb</load_address>
         <run_address>0xfeb</run_address>
         <size>0x50</size>
         <input_file_ref idref="fl-4b"/>
      </object_component>
      <object_component id="oc-282">
         <name>.debug_line</name>
         <load_address>0x103b</load_address>
         <run_address>0x103b</run_address>
         <size>0x3a</size>
         <input_file_ref idref="fl-4b"/>
      </object_component>
      <object_component id="oc-6a">
         <name>.debug_line</name>
         <load_address>0x1075</load_address>
         <run_address>0x1075</run_address>
         <size>0x9d</size>
         <input_file_ref idref="fl-4c"/>
      </object_component>
      <object_component id="oc-312">
         <name>.debug_line</name>
         <load_address>0x1112</load_address>
         <run_address>0x1112</run_address>
         <size>0x9a</size>
         <input_file_ref idref="fl-4c"/>
      </object_component>
      <object_component id="oc-2d1">
         <name>.debug_line</name>
         <load_address>0x11ac</load_address>
         <run_address>0x11ac</run_address>
         <size>0x96</size>
         <input_file_ref idref="fl-4c"/>
      </object_component>
      <object_component id="oc-272">
         <name>.debug_line</name>
         <load_address>0x1242</load_address>
         <run_address>0x1242</run_address>
         <size>0x3a</size>
         <input_file_ref idref="fl-4c"/>
      </object_component>
      <object_component id="oc-35d">
         <name>.debug_line</name>
         <load_address>0x127c</load_address>
         <run_address>0x127c</run_address>
         <size>0x3d</size>
         <input_file_ref idref="fl-4d"/>
      </object_component>
      <object_component id="oc-46d">
         <name>.debug_line</name>
         <load_address>0x12b9</load_address>
         <run_address>0x12b9</run_address>
         <size>0x20</size>
         <input_file_ref idref="fl-51"/>
      </object_component>
      <object_component id="oc-3bb">
         <name>.debug_line</name>
         <load_address>0x12d9</load_address>
         <run_address>0x12d9</run_address>
         <size>0xaf</size>
         <input_file_ref idref="fl-51"/>
      </object_component>
      <object_component id="oc-490">
         <name>.debug_line</name>
         <load_address>0x1388</load_address>
         <run_address>0x1388</run_address>
         <size>0x20</size>
         <input_file_ref idref="fl-52"/>
      </object_component>
      <object_component id="oc-415">
         <name>.debug_line</name>
         <load_address>0x13a8</load_address>
         <run_address>0x13a8</run_address>
         <size>0xa8</size>
         <input_file_ref idref="fl-52"/>
      </object_component>
      <object_component id="oc-496">
         <name>.debug_line</name>
         <load_address>0x1450</load_address>
         <run_address>0x1450</run_address>
         <size>0x20</size>
         <input_file_ref idref="fl-53"/>
      </object_component>
      <object_component id="oc-461">
         <name>.debug_line</name>
         <load_address>0x1470</load_address>
         <run_address>0x1470</run_address>
         <size>0xab</size>
         <input_file_ref idref="fl-53"/>
      </object_component>
      <object_component id="oc-498">
         <name>.debug_line</name>
         <load_address>0x151b</load_address>
         <run_address>0x151b</run_address>
         <size>0x20</size>
         <input_file_ref idref="fl-54"/>
      </object_component>
      <object_component id="oc-464">
         <name>.debug_line</name>
         <load_address>0x153b</load_address>
         <run_address>0x153b</run_address>
         <size>0xba</size>
         <input_file_ref idref="fl-54"/>
      </object_component>
      <object_component id="oc-27a">
         <name>.debug_line</name>
         <load_address>0x15f5</load_address>
         <run_address>0x15f5</run_address>
         <size>0x52</size>
         <input_file_ref idref="fl-55"/>
      </object_component>
      <object_component id="oc-41b">
         <name>.debug_frame</name>
         <load_address>0x0</load_address>
         <run_address>0x0</run_address>
         <size>0x3c</size>
         <input_file_ref idref="fl-2"/>
      </object_component>
      <object_component id="oc-409">
         <name>.debug_frame</name>
         <load_address>0x3c</load_address>
         <run_address>0x3c</run_address>
         <size>0x48</size>
         <input_file_ref idref="fl-2"/>
      </object_component>
      <object_component id="oc-354">
         <name>.debug_frame</name>
         <load_address>0x84</load_address>
         <run_address>0x84</run_address>
         <size>0x3c</size>
         <input_file_ref idref="fl-2"/>
      </object_component>
      <object_component id="oc-342">
         <name>.debug_frame</name>
         <load_address>0xc0</load_address>
         <run_address>0xc0</run_address>
         <size>0x3c</size>
         <input_file_ref idref="fl-3"/>
      </object_component>
      <object_component id="oc-3a3">
         <name>.debug_frame</name>
         <load_address>0xfc</load_address>
         <run_address>0xfc</run_address>
         <size>0x3c</size>
         <input_file_ref idref="fl-4"/>
      </object_component>
      <object_component id="oc-356">
         <name>.debug_frame</name>
         <load_address>0x138</load_address>
         <run_address>0x138</run_address>
         <size>0x40</size>
         <input_file_ref idref="fl-5"/>
      </object_component>
      <object_component id="oc-344">
         <name>.debug_frame</name>
         <load_address>0x178</load_address>
         <run_address>0x178</run_address>
         <size>0x3c</size>
         <input_file_ref idref="fl-6"/>
      </object_component>
      <object_component id="oc-45a">
         <name>.debug_frame</name>
         <load_address>0x1b4</load_address>
         <run_address>0x1b4</run_address>
         <size>0x40</size>
         <input_file_ref idref="fl-7"/>
      </object_component>
      <object_component id="oc-488">
         <name>.debug_frame</name>
         <load_address>0x1f4</load_address>
         <run_address>0x1f4</run_address>
         <size>0x44</size>
         <input_file_ref idref="fl-7"/>
      </object_component>
      <object_component id="oc-482">
         <name>.debug_frame</name>
         <load_address>0x238</load_address>
         <run_address>0x238</run_address>
         <size>0x44</size>
         <input_file_ref idref="fl-7"/>
      </object_component>
      <object_component id="oc-410">
         <name>.debug_frame</name>
         <load_address>0x27c</load_address>
         <run_address>0x27c</run_address>
         <size>0x48</size>
         <input_file_ref idref="fl-7"/>
      </object_component>
      <object_component id="oc-3b7">
         <name>.debug_frame</name>
         <load_address>0x2c4</load_address>
         <run_address>0x2c4</run_address>
         <size>0x44</size>
         <input_file_ref idref="fl-7"/>
      </object_component>
      <object_component id="oc-28f">
         <name>.debug_frame</name>
         <load_address>0x308</load_address>
         <run_address>0x308</run_address>
         <size>0x4c</size>
         <input_file_ref idref="fl-8"/>
      </object_component>
      <object_component id="oc-402">
         <name>.debug_frame</name>
         <load_address>0x354</load_address>
         <run_address>0x354</run_address>
         <size>0x3c</size>
         <input_file_ref idref="fl-8"/>
      </object_component>
      <object_component id="oc-3b1">
         <name>.debug_frame</name>
         <load_address>0x390</load_address>
         <run_address>0x390</run_address>
         <size>0x3c</size>
         <input_file_ref idref="fl-8"/>
      </object_component>
      <object_component id="oc-34e">
         <name>.debug_frame</name>
         <load_address>0x3cc</load_address>
         <run_address>0x3cc</run_address>
         <size>0x3c</size>
         <input_file_ref idref="fl-8"/>
      </object_component>
      <object_component id="oc-33c">
         <name>.debug_frame</name>
         <load_address>0x408</load_address>
         <run_address>0x408</run_address>
         <size>0x3c</size>
         <input_file_ref idref="fl-8"/>
      </object_component>
      <object_component id="oc-2f8">
         <name>.debug_frame</name>
         <load_address>0x444</load_address>
         <run_address>0x444</run_address>
         <size>0x3c</size>
         <input_file_ref idref="fl-9"/>
      </object_component>
      <object_component id="oc-2a6">
         <name>.debug_frame</name>
         <load_address>0x480</load_address>
         <run_address>0x480</run_address>
         <size>0x34</size>
         <input_file_ref idref="fl-44"/>
      </object_component>
      <object_component id="oc-385">
         <name>.debug_frame</name>
         <load_address>0x4b4</load_address>
         <run_address>0x4b4</run_address>
         <size>0x48</size>
         <input_file_ref idref="fl-45"/>
      </object_component>
      <object_component id="oc-295">
         <name>.debug_frame</name>
         <load_address>0x4fc</load_address>
         <run_address>0x4fc</run_address>
         <size>0x44</size>
         <input_file_ref idref="fl-46"/>
      </object_component>
      <object_component id="oc-2f0">
         <name>.debug_frame</name>
         <load_address>0x540</load_address>
         <run_address>0x540</run_address>
         <size>0x3c</size>
         <input_file_ref idref="fl-49"/>
      </object_component>
      <object_component id="oc-3d4">
         <name>.debug_frame</name>
         <load_address>0x57c</load_address>
         <run_address>0x57c</run_address>
         <size>0x3c</size>
         <input_file_ref idref="fl-4a"/>
      </object_component>
      <object_component id="oc-70">
         <name>.debug_frame</name>
         <load_address>0x5b8</load_address>
         <run_address>0x5b8</run_address>
         <size>0x48</size>
         <input_file_ref idref="fl-4b"/>
      </object_component>
      <object_component id="oc-6b">
         <name>.debug_frame</name>
         <load_address>0x600</load_address>
         <run_address>0x600</run_address>
         <size>0x6c</size>
         <input_file_ref idref="fl-4c"/>
      </object_component>
      <object_component id="oc-35e">
         <name>.debug_frame</name>
         <load_address>0x66c</load_address>
         <run_address>0x66c</run_address>
         <size>0x3c</size>
         <input_file_ref idref="fl-4d"/>
      </object_component>
      <object_component id="oc-3be">
         <name>.debug_frame</name>
         <load_address>0x6a8</load_address>
         <run_address>0x6a8</run_address>
         <size>0x3c</size>
         <input_file_ref idref="fl-51"/>
      </object_component>
      <object_component id="oc-416">
         <name>.debug_frame</name>
         <load_address>0x6e4</load_address>
         <run_address>0x6e4</run_address>
         <size>0x3c</size>
         <input_file_ref idref="fl-52"/>
      </object_component>
      <object_component id="oc-460">
         <name>.debug_frame</name>
         <load_address>0x720</load_address>
         <run_address>0x720</run_address>
         <size>0x3c</size>
         <input_file_ref idref="fl-53"/>
      </object_component>
      <object_component id="oc-463">
         <name>.debug_frame</name>
         <load_address>0x75c</load_address>
         <run_address>0x75c</run_address>
         <size>0x44</size>
         <input_file_ref idref="fl-54"/>
      </object_component>
      <object_component id="oc-314">
         <name>.debug_abbrev</name>
         <load_address>0x0</load_address>
         <run_address>0x0</run_address>
         <size>0x58</size>
         <input_file_ref idref="fl-2"/>
      </object_component>
      <object_component id="oc-46b">
         <name>.debug_abbrev</name>
         <load_address>0x58</load_address>
         <run_address>0x58</run_address>
         <size>0x6e</size>
         <input_file_ref idref="fl-2"/>
      </object_component>
      <object_component id="oc-454">
         <name>.debug_abbrev</name>
         <load_address>0xc6</load_address>
         <run_address>0xc6</run_address>
         <size>0x7c</size>
         <input_file_ref idref="fl-2"/>
      </object_component>
      <object_component id="oc-3a7">
         <name>.debug_abbrev</name>
         <load_address>0x142</load_address>
         <run_address>0x142</run_address>
         <size>0x6c</size>
         <input_file_ref idref="fl-2"/>
      </object_component>
      <object_component id="oc-318">
         <name>.debug_abbrev</name>
         <load_address>0x1ae</load_address>
         <run_address>0x1ae</run_address>
         <size>0x49</size>
         <input_file_ref idref="fl-2"/>
      </object_component>
      <object_component id="oc-276">
         <name>.debug_abbrev</name>
         <load_address>0x1f7</load_address>
         <run_address>0x1f7</run_address>
         <size>0x1f</size>
         <input_file_ref idref="fl-2"/>
      </object_component>
      <object_component id="oc-39e">
         <name>.debug_abbrev</name>
         <load_address>0x216</load_address>
         <run_address>0x216</run_address>
         <size>0x50</size>
         <input_file_ref idref="fl-3"/>
      </object_component>
      <object_component id="oc-3f5">
         <name>.debug_abbrev</name>
         <load_address>0x266</load_address>
         <run_address>0x266</run_address>
         <size>0x5e</size>
         <input_file_ref idref="fl-4"/>
      </object_component>
      <object_component id="oc-3f3">
         <name>.debug_abbrev</name>
         <load_address>0x2c4</load_address>
         <run_address>0x2c4</run_address>
         <size>0xb1</size>
         <input_file_ref idref="fl-5"/>
      </object_component>
      <object_component id="oc-3f6">
         <name>.debug_abbrev</name>
         <load_address>0x375</load_address>
         <run_address>0x375</run_address>
         <size>0x29</size>
         <input_file_ref idref="fl-5"/>
      </object_component>
      <object_component id="oc-3bf">
         <name>.debug_abbrev</name>
         <load_address>0x39e</load_address>
         <run_address>0x39e</run_address>
         <size>0x5e</size>
         <input_file_ref idref="fl-5"/>
      </object_component>
      <object_component id="oc-3fa">
         <name>.debug_abbrev</name>
         <load_address>0x3fc</load_address>
         <run_address>0x3fc</run_address>
         <size>0x42</size>
         <input_file_ref idref="fl-5"/>
      </object_component>
      <object_component id="oc-32e">
         <name>.debug_abbrev</name>
         <load_address>0x43e</load_address>
         <run_address>0x43e</run_address>
         <size>0x24</size>
         <input_file_ref idref="fl-5"/>
      </object_component>
      <object_component id="oc-324">
         <name>.debug_abbrev</name>
         <load_address>0x462</load_address>
         <run_address>0x462</run_address>
         <size>0x33</size>
         <input_file_ref idref="fl-5"/>
      </object_component>
      <object_component id="oc-3a5">
         <name>.debug_abbrev</name>
         <load_address>0x495</load_address>
         <run_address>0x495</run_address>
         <size>0x5e</size>
         <input_file_ref idref="fl-6"/>
      </object_component>
      <object_component id="oc-31b">
         <name>.debug_abbrev</name>
         <load_address>0x4f3</load_address>
         <run_address>0x4f3</run_address>
         <size>0xf8</size>
         <input_file_ref idref="fl-7"/>
      </object_component>
      <object_component id="oc-48a">
         <name>.debug_abbrev</name>
         <load_address>0x5eb</load_address>
         <run_address>0x5eb</run_address>
         <size>0x50</size>
         <input_file_ref idref="fl-7"/>
      </object_component>
      <object_component id="oc-494">
         <name>.debug_abbrev</name>
         <load_address>0x63b</load_address>
         <run_address>0x63b</run_address>
         <size>0x7a</size>
         <input_file_ref idref="fl-7"/>
      </object_component>
      <object_component id="oc-493">
         <name>.debug_abbrev</name>
         <load_address>0x6b5</load_address>
         <run_address>0x6b5</run_address>
         <size>0x7a</size>
         <input_file_ref idref="fl-7"/>
      </object_component>
      <object_component id="oc-468">
         <name>.debug_abbrev</name>
         <load_address>0x72f</load_address>
         <run_address>0x72f</run_address>
         <size>0x89</size>
         <input_file_ref idref="fl-7"/>
      </object_component>
      <object_component id="oc-41d">
         <name>.debug_abbrev</name>
         <load_address>0x7b8</load_address>
         <run_address>0x7b8</run_address>
         <size>0x6c</size>
         <input_file_ref idref="fl-7"/>
      </object_component>
      <object_component id="oc-329">
         <name>.debug_abbrev</name>
         <load_address>0x824</load_address>
         <run_address>0x824</run_address>
         <size>0x49</size>
         <input_file_ref idref="fl-7"/>
      </object_component>
      <object_component id="oc-31f">
         <name>.debug_abbrev</name>
         <load_address>0x86d</load_address>
         <run_address>0x86d</run_address>
         <size>0x49</size>
         <input_file_ref idref="fl-7"/>
      </object_component>
      <object_component id="oc-331">
         <name>.debug_abbrev</name>
         <load_address>0x8b6</load_address>
         <run_address>0x8b6</run_address>
         <size>0x7c</size>
         <input_file_ref idref="fl-8"/>
      </object_component>
      <object_component id="oc-2e5">
         <name>.debug_abbrev</name>
         <load_address>0x932</load_address>
         <run_address>0x932</run_address>
         <size>0x61</size>
         <input_file_ref idref="fl-8"/>
      </object_component>
      <object_component id="oc-453">
         <name>.debug_abbrev</name>
         <load_address>0x993</load_address>
         <run_address>0x993</run_address>
         <size>0x6c</size>
         <input_file_ref idref="fl-8"/>
      </object_component>
      <object_component id="oc-403">
         <name>.debug_abbrev</name>
         <load_address>0x9ff</load_address>
         <run_address>0x9ff</run_address>
         <size>0x7a</size>
         <input_file_ref idref="fl-8"/>
      </object_component>
      <object_component id="oc-3a6">
         <name>.debug_abbrev</name>
         <load_address>0xa79</load_address>
         <run_address>0xa79</run_address>
         <size>0x50</size>
         <input_file_ref idref="fl-8"/>
      </object_component>
      <object_component id="oc-39d">
         <name>.debug_abbrev</name>
         <load_address>0xac9</load_address>
         <run_address>0xac9</run_address>
         <size>0x50</size>
         <input_file_ref idref="fl-8"/>
      </object_component>
      <object_component id="oc-333">
         <name>.debug_abbrev</name>
         <load_address>0xb19</load_address>
         <run_address>0xb19</run_address>
         <size>0xa0</size>
         <input_file_ref idref="fl-9"/>
      </object_component>
      <object_component id="oc-35b">
         <name>.debug_abbrev</name>
         <load_address>0xbb9</load_address>
         <run_address>0xbb9</run_address>
         <size>0x54</size>
         <input_file_ref idref="fl-9"/>
      </object_component>
      <object_component id="oc-335">
         <name>.debug_abbrev</name>
         <load_address>0xc0d</load_address>
         <run_address>0xc0d</run_address>
         <size>0x3c</size>
         <input_file_ref idref="fl-2a"/>
      </object_component>
      <object_component id="oc-2d6">
         <name>.debug_abbrev</name>
         <load_address>0xc49</load_address>
[...]
         <value>0x521</value>
      </symbol>
      <symbol id="sm-192">
         <name>UCA1CTLW1</name>
         <value>0x522</value>
      </symbol>
      <symbol id="sm-193">
         <name>UCA1CTLW1_L</name>
         <value>0x522</value>
      </symbol>
      <symbol id="sm-194">
         <name>UCA1CTLW1_H</name>
         <value>0x523</value>
      </symbol>
      <symbol id="sm-195">
         <name>UCA1BRW</name>
         <value>0x526</value>
      </symbol>
      <symbol id="sm-196">
         <name>UCA1BRW_L</name>
         <value>0x526</value>
      </symbol>
      <symbol id="sm-197">
         <name>UCA1BRW_H</name>
         <value>0x527</value>
      </symbol>
      <symbol id="sm-198">
         <name>UCA1MCTLW</name>
         <value>0x528</value>
      </symbol>
      <symbol id="sm-199">
         <name>UCA1MCTLW_L</name>
         <value>0x528</value>
      </symbol>
      <symbol id="sm-19a">
         <name>UCA1MCTLW_H</name>
         <value>0x529</value>
      </symbol>
      <symbol id="sm-19b">
         <name>UCA1STATW</name>
         <value>0x52a</value>
      </symbol>
      <symbol id="sm-19c">
         <name>UCA1RXBUF</name>
         <value>0x52c</value>
      </symbol>
      <symbol id="sm-19d">
         <name>UCA1RXBUF_L</name>
         <value>0x52c</value>
      </symbol>
      <symbol id="sm-19e">
         <name>UCA1RXBUF_H</name>
         <value>0x52d</value>
      </symbol>
      <symbol id="sm-19f">
         <name>UCA1TXBUF</name>
         <value>0x52e</value>
      </symbol>
      <symbol id="sm-1a0">
         <name>UCA1TXBUF_L</name>
         <value>0x52e</value>
      </symbol>
      <symbol id="sm-1a1">
         <name>UCA1TXBUF_H</name>
         <value>0x52f</value>
      </symbol>
      <symbol id="sm-1a2">
         <name>UCA1ABCTL</name>
         <value>0x530</value>
      </symbol>
      <symbol id="sm-1a3">
         <name>UCA1IRCTL</name>
         <value>0x532</value>
      </symbol>
      <symbol id="sm-1a4">
         <name>UCA1IRCTL_L</name>
         <value>0x532</value>
      </symbol>
      <symbol id="sm-1a5">
         <name>UCA1IRCTL_H</name>
         <value>0x533</value>
      </symbol>
      <symbol id="sm-1a6">
         <name>UCA1IE</name>
         <value>0x53a</value>
      </symbol>
      <symbol id="sm-1a7">
         <name>UCA1IE_L</name>
         <value>0x53a</value>
      </symbol>
      <symbol id="sm-1a8">
         <name>UCA1IE_H</name>
         <value>0x53b</value>
      </symbol>
      <symbol id="sm-1a9">
         <name>UCA1IFG</name>
         <value>0x53c</value>
      </symbol>
      <symbol id="sm-1aa">
         <name>UCA1IFG_L</name>
         <value>0x53c</value>
      </symbol>
      <symbol id="sm-1ab">
         <name>UCA1IFG_H</name>
         <value>0x53d</value>
      </symbol>
      <symbol id="sm-1ac">
         <name>UCA1IV</name>
         <value>0x53e</value>
      </symbol>
      <symbol id="sm-1ad">
         <name>UCB0CTLW0</name>
         <value>0x540</value>
      </symbol>
      <symbol id="sm-1ae">
         <name>UCB0CTLW0_L</name>
         <value>0x540</value>
      </symbol>
      <symbol id="sm-1af">
         <name>UCB0CTLW0_H</name>
         <value>0x541</value>
      </symbol>
      <symbol id="sm-1b0">
         <name>UCB0CTLW1</name>
         <value>0x542</value>
      </symbol>
      <symbol id="sm-1b1">
         <name>UCB0CTLW1_L</name>
         <value>0x542</value>
      </symbol>
      <symbol id="sm-1b2">
         <name>UCB0CTLW1_H</name>
         <value>0x543</value>
      </symbol>
      <symbol id="sm-1b3">
         <name>UCB0BRW</name>
         <value>0x546</value>
      </symbol>
      <symbol id="sm-1b4">
         <name>UCB0BRW_L</name>
         <value>0x546</value>
      </symbol>
      <symbol id="sm-1b5">
         <name>UCB0BRW_H</name>
         <value>0x547</value>
      </symbol>
      <symbol id="sm-1b6">
         <name>UCB0STATW</name>
         <value>0x548</value>
      </symbol>
      <symbol id="sm-1b7">
         <name>UCB0STATW_L</name>
         <value>0x548</value>
      </symbol>
      <symbol id="sm-1b8">
         <name>UCB0STATW_H</name>
         <value>0x549</value>
      </symbol>
      <symbol id="sm-1b9">
         <name>UCB0TBCNT</name>
         <value>0x54a</value>
      </symbol>
      <symbol id="sm-1ba">
         <name>UCB0TBCNT_L</name>
         <value>0x54a</value>
      </symbol>
      <symbol id="sm-1bb">
         <name>UCB0TBCNT_H</name>
         <value>0x54b</value>
      </symbol>
      <symbol id="sm-1bc">
         <name>UCB0RXBUF</name>
         <value>0x54c</value>
      </symbol>
      <symbol id="sm-1bd">
         <name>UCB0RXBUF_L</name>
         <value>0x54c</value>
      </symbol>
      <symbol id="sm-1be">
         <name>UCB0RXBUF_H</name>
         <value>0x54d</value>
      </symbol>
      <symbol id="sm-1bf">
         <name>UCB0TXBUF</name>
         <value>0x54e</value>
      </symbol>
      <symbol id="sm-1c0">
         <name>UCB0TXBUF_L</name>
         <value>0x54e</value>
      </symbol>
      <symbol id="sm-1c1">
         <name>UCB0TXBUF_H</name>
         <value>0x54f</value>
      </symbol>
      <symbol id="sm-1c2">
         <name>UCB0I2COA0</name>
         <value>0x554</value>
      </symbol>
      <symbol id="sm-1c3">
         <name>UCB0I2COA0_L</name>
         <value>0x554</value>
      </symbol>
      <symbol id="sm-1c4">
         <name>UCB0I2COA0_H</name>
         <value>0x555</value>
      </symbol>
      <symbol id="sm-1c5">
         <name>UCB0I2COA1</name>
         <value>0x556</value>
      </symbol>
      <symbol id="sm-1c6">
         <name>UCB0I2COA1_L</name>
         <value>0x556</value>
      </symbol>
      <symbol id="sm-1c7">
         <name>UCB0I2COA1_H</name>
         <value>0x557</value>
      </symbol>
      <symbol id="sm-1c8">
         <name>UCB0I2COA2</name>
         <value>0x558</value>
      </symbol>
      <symbol id="sm-1c9">
         <name>UCB0I2COA2_L</name>
         <value>0x558</value>
      </symbol>
      <symbol id="sm-1ca">
         <name>UCB0I2COA2_H</name>
         <value>0x559</value>
      </symbol>
      <symbol id="sm-1cb">
         <name>UCB0I2COA3</name>
         <value>0x55a</value>
      </symbol>
      <symbol id="sm-1cc">
         <name>UCB0I2COA3_L</name>
         <value>0x55a</value>
      </symbol>
      <symbol id="sm-1cd">
         <name>UCB0I2COA3_H</name>
         <value>0x55b</value>
      </symbol>
      <symbol id="sm-1ce">
         <name>UCB0ADDRX</name>
         <value>0x55c</value>
      </symbol>
      <symbol id="sm-1cf">
         <name>UCB0ADDRX_L</name>
         <value>0x55c</value>
      </symbol>
      <symbol id="sm-1d0">
         <name>UCB0ADDRX_H</name>
         <value>0x55d</value>
      </symbol>
      <symbol id="sm-1d1">
         <name>UCB0ADDMASK</name>
         <value>0x55e</value>
      </symbol>
      <symbol id="sm-1d2">
         <name>UCB0ADDMASK_L</name>
         <value>0x55e</value>
      </symbol>
      <symbol id="sm-1d3">
         <name>UCB0ADDMASK_H</name>
         <value>0x55f</value>
      </symbol>
      <symbol id="sm-1d4">
         <name>UCB0I2CSA</name>
         <value>0x560</value>
      </symbol>
      <symbol id="sm-1d5">
         <name>UCB0I2CSA_L</name>
         <value>0x560</value>
      </symbol>
      <symbol id="sm-1d6">
         <name>UCB0I2CSA_H</name>
         <value>0x561</value>
      </symbol>
      <symbol id="sm-1d7">
         <name>UCB0IE</name>
         <value>0x56a</value>
      </symbol>
      <symbol id="sm-1d8">
         <name>UCB0IE_L</name>
         <value>0x56a</value>
      </symbol>
      <symbol id="sm-1d9">
         <name>UCB0IE_H</name>
         <value>0x56b</value>
      </symbol>
      <symbol id="sm-1da">
         <name>UCB0IFG</name>
         <value>0x56c</value>
      </symbol>
      <symbol id="sm-1db">
         <name>UCB0IFG_L</name>
         <value>0x56c</value>
      </symbol>
      <symbol id="sm-1dc">
         <name>UCB0IFG_H</name>
         <value>0x56d</value>
      </symbol>
      <symbol id="sm-1dd">
         <name>UCB0IV</name>
         <value>0x56e</value>
      </symbol>
      <symbol id="sm-1de">
         <name>WDTCTL</name>
         <value>0x1cc</value>
      </symbol>
      <symbol id="sm-1df">
         <name>WDTCTL_L</name>
         <value>0x1cc</value>
      </symbol>
      <symbol id="sm-1e0">
         <name>WDTCTL_H</name>
         <value>0x1cd</value>
      </symbol>
      <symbol id="sm-1e1">
         <name>__TI_CINIT_Base</name>
         <value>0xc41a</value>
      </symbol>
      <symbol id="sm-1e2">
         <name>__TI_CINIT_Limit</name>
         <value>0xc42a</value>
      </symbol>
      <symbol id="sm-1e3">
         <name>__TI_CINIT_Warm</name>
         <value>0xc42a</value>
      </symbol>
      <symbol id="sm-1e4">
         <name>__TI_Handler_Table_Base</name>
         <value>0xc400</value>
      </symbol>
      <symbol id="sm-1e5">
         <name>__TI_Handler_Table_Limit</name>
         <value>0xc40c</value>
      </symbol>
      <symbol id="sm-1e6">
         <name>__STACK_SIZE</name>
         <value>0xa0</value>
      </symbol>
      <symbol id="sm-1e7">
         <name>__STACK_END</name>
         <value>0x3000</value>
      </symbol>
      <symbol id="sm-1e8">
         <name>__c_args__</name>
         <value>0xffffffff</value>
      </symbol>
      <symbol id="sm-1e9">
         <name>__TI_pprof_out_hndl</name>
         <value>0xffffffff</value>
      </symbol>
      <symbol id="sm-1ea">
         <name>__TI_prof_data_start</name>
         <value>0xffffffff</value>
      </symbol>
      <symbol id="sm-1eb">
         <name>__TI_prof_data_size</name>
         <value>0xffffffff</value>
      </symbol>
      <symbol id="sm-269">
         <name>buffer</name>
         <value>0x20f0</value>
      </symbol>
      <symbol id="sm-26a">
         <name>isBufferEmpty</name>
         <value>0xce66</value>
         <object_component_ref idref="oc-417"/>
      </symbol>
      <symbol id="sm-26b">
         <name>cbuff_init</name>
         <value>0xcea2</value>
         <object_component_ref idref="oc-34f"/>
      </symbol>
      <symbol id="sm-26c">
         <name>readFromBuffer</name>
         <value>0xccec</value>
         <object_component_ref idref="oc-404"/>
      </symbol>
      <symbol id="sm-276">
         <name>ConfigureClockSystem</name>
         <value>0xcc04</value>
         <object_component_ref idref="oc-33d"/>
      </symbol>
      <symbol id="sm-280">
         <name>delay_ms</name>
         <value>0xcdd2</value>
         <object_component_ref idref="oc-39f"/>
      </symbol>
      <symbol id="sm-2cf">
         <name>arr</name>
         <value>0x2158</value>
      </symbol>
      <symbol id="sm-2d0">
         <name>fsm</name>
         <value>0xc5c8</value>
         <object_component_ref idref="oc-355"/>
      </symbol>
      <symbol id="sm-2d1">
         <name>currentState</name>
         <value>0x218c</value>
         <object_component_ref idref="oc-3a8"/>
      </symbol>
      <symbol id="sm-2d2">
         <name>count</name>
         <value>0x218a</value>
         <object_component_ref idref="oc-3a8"/>
      </symbol>
      <symbol id="sm-2db">
         <name>gsm_on</name>
         <value>0xcd1a</value>
         <object_component_ref idref="oc-343"/>
      </symbol>
      <symbol id="sm-325">
         <name>commandResponseMappings</name>
         <value>0x2000</value>
      </symbol>
      <symbol id="sm-326">
         <name>parseIncomingData</name>
         <value>0xcac4</value>
         <object_component_ref idref="oc-3b2"/>
      </symbol>
      <symbol id="sm-327">
         <name>handleResponse</name>
         <value>0xcb78</value>
         <object_component_ref idref="oc-484"/>
      </symbol>
      <symbol id="sm-328">
         <name>initializeCommandResponseMappings</name>
         <value>0xc96c</value>
         <object_component_ref idref="oc-455"/>
      </symbol>
      <symbol id="sm-329">
         <name>processCompleteMessage</name>
         <value>0xca64</value>
         <object_component_ref idref="oc-40b"/>
      </symbol>
      <symbol id="sm-32a">
         <name>handleAT_OKResponse</name>
         <value>0xcb22</value>
         <object_component_ref idref="oc-47e"/>
      </symbol>
      <symbol id="sm-357">
         <name>__TI_int45</name>
         <value>0xffe2</value>
         <object_component_ref idref="oc-7a"/>
      </symbol>
      <symbol id="sm-358">
         <name>USCI_A1_ISR</name>
         <value>0xcd70</value>
         <object_component_ref idref="oc-28a"/>
      </symbol>
      <symbol id="sm-359">
         <name>UART_INIT</name>
         <value>0xcd94</value>
         <object_component_ref idref="oc-349"/>
      </symbol>
      <symbol id="sm-35a">
         <name>GPIO_PORT</name>
         <value>0xcdb4</value>
         <object_component_ref idref="oc-337"/>
      </symbol>
      <symbol id="sm-35b">
         <name>UART_SendString</name>
         <value>0xce52</value>
         <object_component_ref idref="oc-3ac"/>
      </symbol>
      <symbol id="sm-35c">
         <name>UART_SendChar</name>
         <value>0xce86</value>
         <object_component_ref idref="oc-3fd"/>
      </symbol>
      <symbol id="sm-36a">
         <name>main</name>
         <value>0xccbc</value>
         <object_component_ref idref="oc-2f3"/>
      </symbol>
      <symbol id="sm-374">
         <name>__mspabi_remu</name>
         <value>0xce3c</value>
         <object_component_ref idref="oc-2e0"/>
      </symbol>
      <symbol id="sm-375">
         <name>__mspabi_divu</name>
         <value>0xce3c</value>
         <object_component_ref idref="oc-2e0"/>
      </symbol>
      <symbol id="sm-378">
         <name>__TI_int40</name>
         <value>0xffd8</value>
         <object_component_ref idref="oc-75"/>
      </symbol>
      <symbol id="sm-37b">
         <name>__TI_int41</name>
         <value>0xffda</value>
         <object_component_ref idref="oc-76"/>
      </symbol>
      <symbol id="sm-37e">
         <name>__TI_int42</name>
         <value>0xffdc</value>
         <object_component_ref idref="oc-77"/>
      </symbol>
      <symbol id="sm-381">
         <name>__TI_int43</name>
         <value>0xffde</value>
         <object_component_ref idref="oc-78"/>
      </symbol>
      <symbol id="sm-384">
         <name>__TI_int44</name>
         <value>0xffe0</value>
         <object_component_ref idref="oc-79"/>
      </symbol>
      <symbol id="sm-387">
         <name>__TI_int46</name>
         <value>0xffe4</value>
         <object_component_ref idref="oc-7b"/>
      </symbol>
      <symbol id="sm-38a">
         <name>__TI_int47</name>
         <value>0xffe6</value>
         <object_component_ref idref="oc-7c"/>
      </symbol>
      <symbol id="sm-38d">
         <name>__TI_int48</name>
         <value>0xffe8</value>
         <object_component_ref idref="oc-7d"/>
      </symbol>
      <symbol id="sm-390">
         <name>__TI_int49</name>
         <value>0xffea</value>
         <object_component_ref idref="oc-7e"/>
      </symbol>
      <symbol id="sm-393">
         <name>__TI_int50</name>
         <value>0xffec</value>
         <object_component_ref idref="oc-7f"/>
      </symbol>
      <symbol id="sm-396">
         <name>__TI_int51</name>
         <value>0xffee</value>
         <object_component_ref idref="oc-80"/>
      </symbol>
      <symbol id="sm-399">
         <name>__TI_int52</name>
         <value>0xfff0</value>
         <object_component_ref idref="oc-81"/>
      </symbol>
      <symbol id="sm-39c">
         <name>__TI_int53</name>
         <value>0xfff2</value>
         <object_component_ref idref="oc-82"/>
      </symbol>
      <symbol id="sm-39f">
         <name>__TI_int54</name>
         <value>0xfff4</value>
         <object_component_ref idref="oc-83"/>
      </symbol>
      <symbol id="sm-3a2">
         <name>__TI_int55</name>
         <value>0xfff6</value>
         <object_component_ref idref="oc-84"/>
      </symbol>
      <symbol id="sm-3a5">
         <name>__TI_int56</name>
         <value>0xfff8</value>
         <object_component_ref idref="oc-85"/>
      </symbol>
      <symbol id="sm-3a8">
         <name>__TI_int57</name>
         <value>0xfffa</value>
         <object_component_ref idref="oc-86"/>
      </symbol>
      <symbol id="sm-3ab">
         <name>__TI_int58</name>
         <value>0xfffc</value>
         <object_component_ref idref="oc-87"/>
      </symbol>
      <symbol id="sm-3b3">
         <name>__TI_ISR_TRAP</name>
         <value>0xceac</value>
         <object_component_ref idref="oc-285"/>
      </symbol>
      <symbol id="sm-3bc">
         <name>__mspabi_mpyi_f5hw</name>
         <value>0xce0c</value>
         <object_component_ref idref="oc-441"/>
      </symbol>
      <symbol id="sm-3d0">
         <name>_stack</name>
         <value>0x2f60</value>
         <object_component_ref idref="oc-26a"/>
      </symbol>
      <symbol id="sm-3d1">
         <name>_c_int00_noargs</name>
         <value>0xcdf0</value>
         <object_component_ref idref="oc-2a2"/>
      </symbol>
      <symbol id="sm-3d2">
         <name>_reset_vector</name>
         <value>0xfffe</value>
         <object_component_ref idref="oc-26d"/>
      </symbol>
      <symbol id="sm-3f4">
         <name>__TI_auto_init_nobinit_nopinit_hold_wdt</name>
         <value>0xc9fa</value>
         <object_component_ref idref="oc-380"/>
      </symbol>
      <symbol id="sm-404">
         <name>__TI_zero_init_nomemset</name>
         <value>0xcc42</value>
         <object_component_ref idref="oc-290"/>
      </symbol>
      <symbol id="sm-40f">
         <name>_system_pre_init</name>
         <value>0xceba</value>
         <object_component_ref idref="oc-2ed"/>
      </symbol>
      <symbol id="sm-418">
         <name>_system_post_cinit</name>
         <value>0xcebe</value>
         <object_component_ref idref="oc-3d2"/>
      </symbol>
      <symbol id="sm-429">
         <name>__TI_decompress_none</name>
         <value>0xcc80</value>
         <object_component_ref idref="oc-6f"/>
      </symbol>
      <symbol id="sm-44a">
         <name>__TI_decompress_lzss</name>
         <value>0xc87e</value>
         <object_component_ref idref="oc-69"/>
      </symbol>
      <symbol id="sm-454">
         <name>C$$EXIT</name>
         <value>0xceb4</value>
         <object_component_ref idref="oc-35c"/>
      </symbol>
      <symbol id="sm-455">
         <name>abort</name>
         <value>0xceb4</value>
         <object_component_ref idref="oc-35c"/>
      </symbol>
      <symbol id="sm-466">
         <name>strcmp</name>
         <value>0xce24</value>
         <object_component_ref idref="oc-3b9"/>
      </symbol>
      <symbol id="sm-473">
         <name>strcpy</name>
         <value>0xce76</value>
         <object_component_ref idref="oc-411"/>
      </symbol>
      <symbol id="sm-480">
         <name>strlen</name>
         <value>0xce94</value>
         <object_component_ref idref="oc-45c"/>
      </symbol>
      <symbol id="sm-490">
         <name>strncmp</name>
         <value>0xcd46</value>
         <object_component_ref idref="oc-462"/>
      </symbol>
      <symbol id="sm-49b">
         <name>__memcpy_far</name>
         <value>0xcbc4</value>
         <object_component_ref idref="oc-279"/>
      </symbol>
   </symbol_table>
   <title>Link successful</title>
</link_info>
